[     137ms] [LOG] [Fast Refresh] rebuilding @ http://localhost:3002/_next/static/chunks/2fd35_next_dist_8337a7eb._.js:2297
[     223ms] [LOG] [Fast Refresh] done in 186ms @ http://localhost:3002/_next/static/chunks/2fd35_next_dist_8337a7eb._.js:2297
[     501ms] [INFO] %cDownload the React DevTools for a better development experience: https://react.dev/link/react-devtools font-weight:bold @ http://localhost:3002/_next/static/chunks/2fd35_next_dist_8337a7eb._.js:2297
[     517ms] [LOG] [HMR] connected @ http://localhost:3002/_next/static/chunks/2fd35_next_dist_8337a7eb._.js:2297
[     697ms] [ERROR] Failed to load resource: net::ERR_CONNECTION_REFUSED @ http://localhost:8080/api/v1/me/identity:0
[     706ms] [LOG] %c[Vercel Web Analytics]%c Debug mode is enabled by default in development. No requests will be sent to the server. color: rgb(120, 120, 120) color: inherit @ http://localhost:3002/_next/static/chunks/2fd35_next_dist_8337a7eb._.js:2297
[     706ms] [LOG] %c[Vercel Web Analytics]%c Running queued event color: rgb(120, 120, 120) color: inherit pageview {route: /, path: /} @ http://localhost:3002/_next/static/chunks/2fd35_next_dist_8337a7eb._.js:2297
[     706ms] [LOG] %c[Vercel Web Analytics]%c [view] http://localhost:3002/ color: rgb(120, 120, 120) color: inherit {o: http://localhost:3002/, sv: 0.1.3, sdkn: @vercel/analytics/next, sdkv: 1.6.1, ts: 1787145648017} /_vercel/insights/view @ http://localhost:3002/_next/static/chunks/2fd35_next_dist_8337a7eb._.js:2297
[     706ms] [LOG] %c[Vercel Speed Insights]%c Debug mode is enabled by default in development. No requests will be sent to the server. color: rgb(120, 120, 120) color: inherit @ http://localhost:3002/_next/static/chunks/2fd35_next_dist_8337a7eb._.js:2297
[     971ms] [LOG] DataFast: pageview tracked successfully @ http://localhost:3002/_next/static/chunks/2fd35_next_dist_8337a7eb._.js:2297
[    4228ms] [WARNING] The resource http://localhost:3002/_next/static/chunks/%5Broot-of-the-server%5D__a2e84cf3._.css was preloaded using link preload but not used within a few seconds from the window's load event. Please make sure it has an appropriate `as` value and it is preloaded intentionally. @ http://localhost:3002/:0
[    4228ms] [WARNING] The resource http://localhost:3002/bee-lost.webp was preloaded using link preload but not used within a few seconds from the window's load event. Please make sure it has an appropriate `as` value and it is preloaded intentionally. @ http://localhost:3002/:0
[   10881ms] [WARNING] The resource http://localhost:3002/_next/static/chunks/%5Broot-of-the-server%5D__a2e84cf3._.css was preloaded using link preload but not used within a few seconds from the window's load event. Please make sure it has an appropriate `as` value and it is preloaded intentionally. @ http://localhost:3002/:0
[   10881ms] [WARNING] The resource http://localhost:3002/bee-lost.webp was preloaded using link preload but not used within a few seconds from the window's load event. Please make sure it has an appropriate `as` value and it is preloaded intentionally. @ http://localhost:3002/:0
[ 1336847ms] [WARNING] The resource http://localhost:3002/_next/static/chunks/%5Broot-of-the-server%5D__a2e84cf3._.css was preloaded using link preload but not used within a few seconds from the window's load event. Please make sure it has an appropriate `as` value and it is preloaded intentionally. @ http://localhost:3002/:0
[ 1336847ms] [WARNING] The resource http://localhost:3002/bee-lost.webp was preloaded using link preload but not used within a few seconds from the window's load event. Please make sure it has an appropriate `as` value and it is preloaded intentionally. @ http://localhost:3002/:0
[ 1340629ms] [LOG] %c[Vercel Web Analytics]%c [event] Navigation Click color: rgb(120, 120, 120) color: inherit {o: http://localhost:3002/, sv: 0.1.3, sdkn: @vercel/analytics/next, sdkv: 1.6.1, ts: 1787146987937} /_vercel/insights/event @ http://localhost:3002/_next/static/chunks/2fd35_next_dist_8337a7eb._.js:2297
[ 1340744ms] [LOG] [Fast Refresh] rebuilding @ http://localhost:3002/_next/static/chunks/2fd35_next_dist_8337a7eb._.js:2297
[ 1340841ms] [LOG] [Fast Refresh] done in 198ms @ http://localhost:3002/_next/static/chunks/2fd35_next_dist_8337a7eb._.js:2297
[ 1340883ms] [LOG] %c[Vercel Speed Insights]%c [vitals] color: rgb(120, 120, 120) color: inherit {speed: 4g, metrics: Array(4), scriptVersion: 0.1.3, sdkName: @vercel/speed-insights/next, sdkVersion: 1.3.1} /_vercel/speed-insights/vitals @ http://localhost:3002/_next/static/chunks/2fd35_next_dist_8337a7eb._.js:2297
[ 1340896ms] [WARNING] Detected `scroll-behavior: smooth` on the `<html>` element. To disable smooth scrolling during route transitions, add `data-scroll-behavior="smooth"` to your <html> element. Learn more: https://nextjs.org/docs/messages/missing-data-scroll-behavior @ http://localhost:3002/_next/static/chunks/2fd35_next_dist_8337a7eb._.js:2297
[ 1340908ms] [LOG] %c[Vercel Web Analytics]%c [view] http://localhost:3002/integraciones/n8n-verifactu color: rgb(120, 120, 120) color: inherit {o: http://localhost:3002/integraciones/n8n-verifactu, sv: 0.1.3, sdkn: @vercel/analytics/next, sdkv: 1.6.1, ts: 1787146988217} /_vercel/insights/view @ http://localhost:3002/_next/static/chunks/2fd35_next_dist_8337a7eb._.js:2297
[ 1340914ms] [ERROR] Failed to load resource: net::ERR_CONNECTION_REFUSED @ http://localhost:8080/api/v1/me/identity:0
[ 1341355ms] [LOG] DataFast: pageview tracked successfully @ http://localhost:3002/_next/static/chunks/2fd35_next_dist_8337a7eb._.js:2297
[ 1346204ms] [WARNING] The resource http://localhost:3002/_next/static/chunks/%5Broot-of-the-server%5D__a2e84cf3._.css was preloaded using link preload but not used within a few seconds from the window's load event. Please make sure it has an appropriate `as` value and it is preloaded intentionally. @ http://localhost:3002/integraciones/n8n-verifactu:0
[ 1346204ms] [WARNING] The resource http://localhost:3002/bee-lost.webp was preloaded using link preload but not used within a few seconds from the window's load event. Please make sure it has an appropriate `as` value and it is preloaded intentionally. @ http://localhost:3002/integraciones/n8n-verifactu:0
[ 1605321ms] [LOG] [Fast Refresh] rebuilding @ http://localhost:3002/_next/static/chunks/2fd35_next_dist_8337a7eb._.js:2297
[ 1605481ms] [LOG] [Fast Refresh] done in 8ms @ http://localhost:3002/_next/static/chunks/2fd35_next_dist_8337a7eb._.js:2297
[ 1608910ms] [WARNING] The resource http://localhost:3002/_next/static/chunks/%5Broot-of-the-server%5D__a2e84cf3._.css was preloaded using link preload but not used within a few seconds from the window's load event. Please make sure it has an appropriate `as` value and it is preloaded intentionally. @ http://localhost:3002/integraciones/n8n-verifactu:0
[ 1608911ms] [WARNING] The resource http://localhost:3002/bee-lost.webp was preloaded using link preload but not used within a few seconds from the window's load event. Please make sure it has an appropriate `as` value and it is preloaded intentionally. @ http://localhost:3002/integraciones/n8n-verifactu:0
[ 1622013ms] [LOG] [Fast Refresh] rebuilding @ http://localhost:3002/_next/static/chunks/2fd35_next_dist_8337a7eb._.js:2297
[ 1622160ms] [LOG] [Fast Refresh] done in 248ms @ http://localhost:3002/_next/static/chunks/2fd35_next_dist_8337a7eb._.js:2297
