[     302ms] [INFO] %cDownload the React DevTools for a better development experience: https://react.dev/link/react-devtools font-weight:bold @ http://localhost:3002/_next/static/chunks/2fd35_next_dist_8337a7eb._.js:2297
[     339ms] [LOG] [HMR] connected @ http://localhost:3002/_next/static/chunks/2fd35_next_dist_8337a7eb._.js:2297
[     434ms] [ERROR] Failed to load resource: net::ERR_CONNECTION_REFUSED @ http://localhost:8080/api/v1/me/identity:0
[     444ms] [LOG] %c[Vercel Web Analytics]%c Debug mode is enabled by default in development. No requests will be sent to the server. color: rgb(120, 120, 120) color: inherit @ http://localhost:3002/_next/static/chunks/2fd35_next_dist_8337a7eb._.js:2297
[     444ms] [LOG] %c[Vercel Web Analytics]%c Running queued event color: rgb(120, 120, 120) color: inherit pageview {route: /integraciones/n8n-verifactu, path: /integraciones/n8n-verifactu} @ http://localhost:3002/_next/static/chunks/2fd35_next_dist_8337a7eb._.js:2297
[     444ms] [LOG] %c[Vercel Web Analytics]%c [view] http://localhost:3002/integraciones/n8n-verifactu color: rgb(120, 120, 120) color: inherit {o: http://localhost:3002/integraciones/n8n-verifactu, sv: 0.1.3, sdkn: @vercel/analytics/next, sdkv: 1.6.1, ts: 1787147276522} /_vercel/insights/view @ http://localhost:3002/_next/static/chunks/2fd35_next_dist_8337a7eb._.js:2297
[     445ms] [LOG] %c[Vercel Speed Insights]%c Debug mode is enabled by default in development. No requests will be sent to the server. color: rgb(120, 120, 120) color: inherit @ http://localhost:3002/_next/static/chunks/2fd35_next_dist_8337a7eb._.js:2297
[     858ms] [LOG] DataFast: pageview tracked successfully @ http://localhost:3002/_next/static/chunks/2fd35_next_dist_8337a7eb._.js:2297
[    4046ms] [WARNING] The resource http://localhost:3002/_next/static/chunks/%5Broot-of-the-server%5D__a2e84cf3._.css was preloaded using link preload but not used within a few seconds from the window's load event. Please make sure it has an appropriate `as` value and it is preloaded intentionally. @ http://localhost:3002/integraciones/n8n-verifactu:0
[    4046ms] [WARNING] The resource http://localhost:3002/bee-lost.webp was preloaded using link preload but not used within a few seconds from the window's load event. Please make sure it has an appropriate `as` value and it is preloaded intentionally. @ http://localhost:3002/integraciones/n8n-verifactu:0
[ 4100079ms] [ERROR] WebSocket connection to 'ws://localhost:3002/_next/webpack-hmr?id=YQMIBLVBTPEuf--jl5W_5' failed: Error in connection establishment: net::ERR_CONNECTION_REFUSED @ http://localhost:3002/_next/static/chunks/2fd35_next_dist_client_0da3be96._.js:10878
[ 4101081ms] [ERROR] WebSocket connection to 'ws://localhost:3002/_next/webpack-hmr?id=YQMIBLVBTPEuf--jl5W_5' failed: Error in connection establishment: net::ERR_CONNECTION_REFUSED @ http://localhost:3002/_next/static/chunks/2fd35_next_dist_client_0da3be96._.js:10878
[ 4102084ms] [ERROR] WebSocket connection to 'ws://localhost:3002/_next/webpack-hmr?id=YQMIBLVBTPEuf--jl5W_5' failed: Error in connection establishment: net::ERR_CONNECTION_REFUSED @ http://localhost:3002/_next/static/chunks/2fd35_next_dist_client_0da3be96._.js:10878
[ 4103087ms] [ERROR] WebSocket connection to 'ws://localhost:3002/_next/webpack-hmr?id=YQMIBLVBTPEuf--jl5W_5' failed: Error in connection establishment: net::ERR_CONNECTION_REFUSED @ http://localhost:3002/_next/static/chunks/2fd35_next_dist_client_0da3be96._.js:10878
[ 4104092ms] [ERROR] WebSocket connection to 'ws://localhost:3002/_next/webpack-hmr?id=YQMIBLVBTPEuf--jl5W_5' failed: Error in connection establishment: net::ERR_CONNECTION_REFUSED @ http://localhost:3002/_next/static/chunks/2fd35_next_dist_client_0da3be96._.js:10878
[ 4109096ms] [ERROR] WebSocket connection to 'ws://localhost:3002/_next/webpack-hmr?id=YQMIBLVBTPEuf--jl5W_5' failed: Error in connection establishment: net::ERR_CONNECTION_REFUSED @ http://localhost:3002/_next/static/chunks/2fd35_next_dist_client_0da3be96._.js:10878
[ 4114102ms] [ERROR] WebSocket connection to 'ws://localhost:3002/_next/webpack-hmr?id=YQMIBLVBTPEuf--jl5W_5' failed: Error in connection establishment: net::ERR_CONNECTION_REFUSED @ http://localhost:3002/_next/static/chunks/2fd35_next_dist_client_0da3be96._.js:10878
[ 4119114ms] [ERROR] WebSocket connection to 'ws://localhost:3002/_next/webpack-hmr?id=YQMIBLVBTPEuf--jl5W_5' failed: Error in connection establishment: net::ERR_CONNECTION_REFUSED @ http://localhost:3002/_next/static/chunks/2fd35_next_dist_client_0da3be96._.js:10878
[ 4124142ms] [ERROR] WebSocket connection to 'ws://localhost:3002/_next/webpack-hmr?id=YQMIBLVBTPEuf--jl5W_5' failed: Error in connection establishment: net::ERR_CONNECTION_REFUSED @ http://localhost:3002/_next/static/chunks/2fd35_next_dist_client_0da3be96._.js:10878
[ 4129167ms] [ERROR] WebSocket connection to 'ws://localhost:3002/_next/webpack-hmr?id=YQMIBLVBTPEuf--jl5W_5' failed: Error in connection establishment: net::ERR_CONNECTION_REFUSED @ http://localhost:3002/_next/static/chunks/2fd35_next_dist_client_0da3be96._.js:10878
[ 4134326ms] [ERROR] WebSocket connection to 'ws://localhost:3002/_next/webpack-hmr?id=YQMIBLVBTPEuf--jl5W_5' failed: Error in connection establishment: net::ERR_CONNECTION_REFUSED @ http://localhost:3002/_next/static/chunks/2fd35_next_dist_client_0da3be96._.js:10878
[ 4139521ms] [ERROR] WebSocket connection to 'ws://localhost:3002/_next/webpack-hmr?id=YQMIBLVBTPEuf--jl5W_5' failed: Error in connection establishment: net::ERR_CONNECTION_REFUSED @ http://localhost:3002/_next/static/chunks/2fd35_next_dist_client_0da3be96._.js:10878
